$ node --test "src/**/*.test.ts"
▶ createDb
  ✔ returns a database instance for :memory: (1.036834ms)
  ✔ enables WAL journal mode (0.693167ms)
  ✔ enables foreign keys (1.392541ms)
✔ createDb (4.015167ms)
▶ companies table
  ✔ inserts and retrieves a company (0.434125ms)
✔ companies table (0.782834ms)
▶ jobs table
  ✔ a new job starts pending (0.831083ms)
  ✔ rejects invalid job status values (0.797334ms)
  ✔ accepts all valid job status values (1.542916ms)
  ✔ rejects invalid resolution_provenance values (0.773042ms)
  ✔ enforces foreign key constraint on company_id (0.692083ms)
✔ jobs table (5.39375ms)
▶ results table
  ✔ a Result is born included (1.394916ms)
  ✔ normalized_url is unique per job (0.410834ms)
  ✔ same normalized_url may exist across different jobs (0.597959ms)
  ✔ rejects invalid status values (0.363917ms)
  ✔ rejects invalid exclusion_code values (0.321167ms)
  ✔ accepts all valid exclusion_code values (0.749375ms)
  ✔ rejects invalid content_type values (0.534416ms)
  ✔ accepts all valid content_type values (0.814375ms)
  ✔ content_type is nullable (stays NULL on classify failure) (0.409375ms)
  ✔ rejects invalid confidence values (0.448834ms)
  ✔ enforces foreign key constraint on job_id (0.522958ms)
✔ results table (7.056542ms)
▶ warnings table
  ✔ inserts a warning linked to a job (0.385292ms)
  ✔ enforces foreign key constraint on job_id (0.271709ms)
✔ warnings table (0.762959ms)
▶ exported constants
  ✔ REVIEW_DOMAINS has 7 entries (0.396875ms)
  ✔ ECOMMERCE_PATH_SEGMENTS has 9 entries (0.070125ms)
  ✔ ECOMMERCE_TITLE_PATTERNS has 3 entries (0.075042ms)
✔ exported constants (1.15025ms)
▶ own_channel — domain match
  ✔ exact domain match → own_channel (0.220458ms)
  ✔ subdomain match → own_channel (0.086208ms)
  ✔ unrelated domain → passes (0.227542ms)
  ✔ domain that merely contains own domain as substring → passes (0.240417ms)
✔ own_channel — domain match (1.053667ms)
▶ own_channel — social handle prefix match
  ✔ own linkedin company page URL → own_channel (0.373875ms)
  ✔ journalist article on linkedin (different path) → passes (0.150167ms)
  ✔ own x.com handle → own_channel (0.113375ms)
  ✔ different x.com user → passes (0.105209ms)
  ✔ partial username segment match → passes (acmecorp vs acme) (0.088334ms)
✔ own_channel — social handle prefix match (1.019208ms)
▶ aggregator
  ✔ reddit.com → aggregator (0.083417ms)
  ✔ news.ycombinator.com → aggregator (0.049458ms)
  ✔ subdomain of aggregator → aggregator (0.046375ms)
  ✔ medium.com → passes (not an aggregator) (0.069542ms)
  ✔ unrelated domain → passes (0.053792ms)
✔ aggregator (0.408958ms)
▶ ecommerce_review — review site domains
  ✔ g2.com → ecommerce_review (0.119125ms)
  ✔ capterra.com → ecommerce_review (0.048834ms)
  ✔ trustpilot.com → ecommerce_review (0.037583ms)
  ✔ trustradius.com → ecommerce_review (0.034083ms)
  ✔ getapp.com → ecommerce_review (0.034083ms)
  ✔ softwareadvice.com → ecommerce_review (0.033ms)
  ✔ producthunt.com → ecommerce_review (0.0325ms)
✔ ecommerce_review — review site domains (0.469666ms)
▶ ecommerce_review — path segments
  ✔ path /product/ → ecommerce_review (0.093416ms)
  ✔ path /products/ → ecommerce_review (0.034958ms)
  ✔ path /shop/ → ecommerce_review (0.049875ms)
  ✔ path /store/ → ecommerce_review (0.037083ms)
  ✔ path /buy/ → ecommerce_review (0.034875ms)
  ✔ path /pricing/ → ecommerce_review (0.063333ms)
  ✔ path /vs/ → ecommerce_review (0.043375ms)
  ✔ path /compare/ → ecommerce_review (0.052709ms)
  ✔ path /alternatives/ → ecommerce_review (0.041375ms)
✔ ecommerce_review — path segments (0.690375ms)
▶ ecommerce_review — title patterns
  ✔ 'Best CRM Alternatives for 2025' → ecommerce_review (0.128625ms)
  ✔ 'Best project management tools in 2024' → ecommerce_review (0.141583ms)
  ✔ 'Review of Acme's latest release' → ecommerce_review (0.154208ms)
  ✔ 'Comparison of top CRMs' → ecommerce_review (0.066125ms)
  ✔ 'Top 10 CRM tools' → ecommerce_review (anchored ^top \d+) (0.072125ms)
  ✔ 'Top 10 fintech stories' mid-title context → passes (anchored ^top \d+) (0.091583ms)
  ✔ 'Acme vs the regulators' → passes (vs is path-only) (0.04975ms)
  ✔ 'How Acme competes in the market' → passes (0.050334ms)
✔ ecommerce_review — title patterns (1.046792ms)
▶ out_of_window
  ✔ date before windowStart → out_of_window (0.163708ms)
  ✔ date equal to windowStart → passes (on the boundary) (0.201209ms)
  ✔ date after windowStart → passes (0.140959ms)
  ✔ null published_date → passes (dateless results kept) (0.05925ms)
✔ out_of_window (0.721667ms)
▶ rule ordering
  ✔ own_channel wins over aggregator when source is both (0.141916ms)
✔ rule ordering (0.19675ms)
▶ collapse — syndicated pair collapses
  ✔ same normalized title, dates 3 days apart → earliest wins, loser is excluded duplicate (1.472042ms)
✔ collapse — syndicated pair collapses (1.615167ms)
▶ collapse — short titles never collapse
  ✔ normalized title < 25 chars is skipped (kept included even if matching) (0.496208ms)
✔ collapse — short titles never collapse (0.544ms)
▶ collapse — same title 18 months apart does NOT collapse
  ✔ two stories 18 months apart → different clusters → both included (0.547417ms)
✔ collapse — same title 18 months apart does NOT collapse (0.6005ms)
▶ collapse — anchor-on-earliest, no chaining drift
  ✔ day0/day10/day20 → cluster {day0,day10} + singleton {day20} (0.66425ms)
✔ collapse — anchor-on-earliest, no chaining drift (0.727625ms)
▶ collapse — already-excluded result never competes or wins
  ✔ pre-excluded result is not in collapse pool; included copy stays included (0.704292ms)
✔ collapse — already-excluded result never competes or wins (0.834583ms)
▶ collapse — unknown-dated copy joins single-cluster group
  ✔ one dated cluster + one undated result → undated excluded as duplicate of winner (0.470542ms)
✔ collapse — unknown-dated copy joins single-cluster group (0.518333ms)
▶ collapse — unknown-dated stays included with multiple clusters
  ✔ two dated clusters + undated → undated stays included (0.404583ms)
✔ collapse — unknown-dated stays included with multiple clusters (0.444167ms)
▶ collapse — all-unknown group collapses to first-seen (lowest id)
  ✔ three undated results with same title → lowest id wins, others excluded (0.428208ms)
✔ collapse — all-unknown group collapses to first-seen (lowest id) (0.467ms)
▶ collapse — boundary at exactly 14 days still collapses
  ✔ day0 and day14 → same cluster → loser excluded (0.341875ms)
✔ collapse — boundary at exactly 14 days still collapses (0.379541ms)
▶ normalizeHost
  ✔ extracts and lowercases the host from a full URL (0.882166ms)
  ✔ strips www. prefix (0.256125ms)
  ✔ lowercases the host (0.116417ms)
  ✔ does not strip non-www subdomains (0.118916ms)
  ✔ handles URLs without paths (0.116958ms)
  ✔ handles http scheme (0.835333ms)
  ✔ falls back to lowercase trimmed input for bare domain (no scheme) (0.333083ms)
  ✔ falls back to lowercase trimmed input for invalid URL (0.347625ms)
  ✔ handles empty string gracefully (0.706833ms)
  ✔ handles URL with port (strips www. but keeps host:port would be unusual — just host) (0.506042ms)
  ✔ handles mixed case www. prefix (0.12925ms)
✔ normalizeHost (5.781458ms)
▶ normalizeUrl
  ✔ pinned: drops scheme, strips www, strips tracking params, sorts params, strips fragment, strips trailing slash (10.755ms)
  ✔ pinned: http scheme → same key as https (0.123375ms)
  ✔ pinned: trailing slash on path stripped (0.091584ms)
  ✔ pinned: http and https trailing-slash variants collapse to same key (0.089625ms)
  ✔ pinned: strips fbclid, keeps v= param (0.107583ms)
  ✔ pinned: strips ref and source tracking params (0.116542ms)
  ✔ strips utm_* params (any utm_ prefix) (0.606125ms)
  ✔ strips gclid tracking param (0.219333ms)
  ✔ strips mc_cid tracking param (0.084292ms)
  ✔ preserves path case (0.080708ms)
  ✔ sorts remaining query params (0.09175ms)
  ✔ handles URL with no query params or fragment (0.149541ms)
  ✔ handles root path (single slash) (0.200625ms)
  ✔ strips non-www subdomain is preserved (0.0705ms)
✔ normalizeUrl (13.214875ms)
▶ normalizeTitle
  ✔ pinned: TechCrunch and Yahoo Finance syndication copies produce the same key (0.994375ms)
  ✔ pinned: Acme - The Real Story survives intact (remainder too short after stripping) (0.096209ms)
  ✔ pinned: long segment > 40 chars is not stripped (0.09425ms)
  ✔ strips outlet suffix with pipe separator (0.10275ms)
  ✔ strips outlet suffix with dash separator (0.082959ms)
  ✔ strips outlet suffix with en-dash separator (1.051875ms)
  ✔ NFKC normalization (0.084959ms)
  ✔ lowercases the title (0.070458ms)
  ✔ strips punctuation (non-alphanumeric non-whitespace) (0.076416ms)
  ✔ collapses whitespace (0.074208ms)
  ✔ caret is treated as punctuation (0.344291ms)
  ✔ en-dash in title without outlet stripping context is stripped as punctuation (0.093833ms)
  ✔ only strips the LAST separator segment (0.083292ms)
  ✔ does not strip if full title is < 25 chars (0.075ms)
✔ normalizeTitle (3.762291ms)
▶ normalizeHandle
  ✔ normalizes a twitter.com URL to x.com (0.248292ms)
  ✔ normalizes www.twitter.com to x.com (0.097667ms)
  ✔ lowercases the entire URL including path (0.080334ms)
  ✔ strips tracking params and fragment (0.09175ms)
  ✔ normalizes linkedin handle (0.286292ms)
  ✔ strips trailing slash on path (0.508875ms)
✔ normalizeHandle (1.564291ms)
▶ matchesHandlePrefix
  ✔ pinned: x.com/Acme matches https://x.com/acme/status/123 (case-folded, path-prefix) (0.370125ms)
  ✔ pinned: twitter.com/acme matches x.com/acme/status/456 (alias canonicalized) (0.093166ms)
  ✔ pinned: x.com/acme does NOT match x.com/acmecorp/post (segment boundary) (0.083958ms)
  ✔ matches when prefix equals the full normalized URL (end of string boundary) (0.102583ms)
  ✔ matches when next char after prefix is ? (0.141792ms)
  ✔ does not match completely different domain (0.096833ms)
  ✔ does not match when prefix is longer than the url (0.08925ms)
✔ matchesHandlePrefix (1.730542ms)
▶ TERMINAL_STATES
  ✔ contains done, failed, done_with_warnings (0.550041ms)
✔ TERMINAL_STATES (1.227792ms)
▶ transition — legal edges walk the full pipeline
  ✔ walks pending → resolving → searching → filtering → classifying → done (0.991375ms)
  ✔ walks classifying → done_with_warnings (1.152459ms)
✔ transition — legal edges walk the full pipeline (2.322792ms)
▶ transition — failed reachable from every non-terminal state
  ✔ fails from pending with a human-readable message (0.825834ms)
  ✔ fails from resolving with a human-readable message (0.354209ms)
  ✔ fails from searching with a human-readable message (1.073166ms)
  ✔ fails from filtering with a human-readable message (0.603958ms)
  ✔ fails from classifying with a human-readable message (0.409208ms)
✔ transition — failed reachable from every non-terminal state (3.590417ms)
▶ transition — illegal jumps throw and leave status untouched
  ✔ throws on pending → done (skipping stages) (1.332542ms)
  ✔ throws on pending → classifying (skipping stages) (0.771959ms)
  ✔ throws on resolving → done (skipping stages) (0.473125ms)
  ✔ throws on done → done_with_warnings (no outgoing edges from terminal) (0.710125ms)
✔ transition — illegal jumps throw and leave status untouched (3.828417ms)
▶ transition — terminal states accept no further transitions
  ✔ done is terminal — no further transitions allowed (0.4825ms)
  ✔ failed is terminal — no further transitions allowed (0.383167ms)
  ✔ done_with_warnings is terminal — no further transitions allowed (0.637417ms)
✔ transition — terminal states accept no further transitions (1.665875ms)
▶ addWarning
  ✔ appends a warning to the job's warning list (0.553417ms)
  ✔ appends multiple warnings in order (0.874ms)
  ✔ warnings from different jobs are independent (0.406542ms)
✔ addWarning (1.957125ms)
▶ createQueue — FIFO with concurrency 1
  ✔ runs jobs strictly FIFO: job 2 waits for job 1 to finish (15.307833ms)
  ✔ job 2 starts only after job 1 resolves (0.561417ms)
✔ createQueue — FIFO with concurrency 1 (16.126542ms)
▶ createQueue — throwing runner does not kill the queue
  ✔ job 3 still runs when jobs 1 and 2 throw (0.241125ms)
  ✔ queue continues processing after a mid-queue throw (0.160958ms)
✔ createQueue — throwing runner does not kill the queue (0.5115ms)
▶ computeWindow
  ✔ pinned: 2026-06-03 → window 2023-06-03 → 2026-06-03 (0.598958ms)
  ✔ subtracts exactly 36 calendar months (0.092ms)
  ✔ handles year boundary crossing (January − 36 months) (0.095375ms)
  ✔ clamps March 31 − 36 months back to March 31 (same day is valid) (0.098666ms)
  ✔ clamps day when resulting month is shorter — e.g. 2024-05-31 minus 36 months → Feb does not exist (0.095833ms)
  ✔ clamps day for Feb: 2026-02-28 − 36 months → 2023-02-28 (0.084292ms)
  ✔ windowEnd always equals createdAt (0.101625ms)
✔ computeWindow (1.841917ms)
▶ NEVER_HOMEPAGE
  ✔ contains all required blocklist entries (0.145542ms)
  ✔ has exactly 12 entries (0.08075ms)
✔ NEVER_HOMEPAGE (0.37375ms)
▶ pickHomepage
  ✔ returns the first candidate matching name token in domain (0.357666ms)
  ✔ returns the first candidate matching name token in title (0.094875ms)
  ✔ returns null when all candidates are on NEVER_HOMEPAGE blocklist (0.085459ms)
  ✔ skips blocked domain and returns next matching candidate (0.0565ms)
  ✔ returns null when no candidate passes the name-token guard (0.067625ms)
  ✔ returns null for empty candidate list (0.04775ms)
  ✔ matches name token as substring in domain (getacme.io matches 'acme') (0.057084ms)
  ✔ is case-insensitive for name token matching (0.054833ms)
  ✔ only needs one token from multi-word name to match (0.05125ms)
  ✔ blocks subdomain of a blocked root domain (0.050417ms)
✔ pickHomepage (1.161166ms)
▶ extractHandles
  ✔ extracts a LinkedIn company URL (0.811709ms)
  ✔ extracts a Twitter URL (0.148458ms)
  ✔ extracts an X.com URL (0.061333ms)
  ✔ extracts multiple handles from the same HTML (0.0735ms)
  ✔ deduplicates the same URL appearing multiple times (0.065042ms)
  ✔ skips known non-handle Twitter paths (intent) (0.073ms)
  ✔ returns empty array when no handles found (0.368292ms)
  ✔ handles www. prefix in LinkedIn URL (0.05225ms)
  ✔ handles URL followed by closing quote (no trailing slash needed) (0.053958ms)
✔ extractHandles (1.898125ms)
▶ isSafeUrl
  ✔ allows a public HTTPS URL (example.com) (17.906958ms)
  ✔ rejects non-http/https schemes (0.172916ms)
  ✔ rejects an unparseable URL (0.06775ms)
  ✔ rejects http: scheme (only https allowed? — actually http is allowed per spec) (4.045708ms)
  ✔ rejects localhost (loopback) (0.346875ms)
  ✔ rejects 127.0.0.1 (loopback) (0.135541ms)
✔ isSafeUrl (22.939916ms)
▶ findOrCreateCompany
  ✔ URL provided: creates a new company when no match exists (1.496709ms)
  ✔ URL provided: matches by url_host, ignores name on conflict (1.391833ms)
  ✔ URL provided: if no host match but name matches, backfills url/url_host (0.439ms)
  ✔ URL provided: no match anywhere -> inserts new row (0.46525ms)
  ✔ URL provided with www. prefix: normalizes host for lookup (0.329459ms)
  ✔ name only: returns existing company matched by lowercase-trimmed name (0.327333ms)
  ✔ name only: case-insensitive name match (0.752458ms)
  ✔ name only: inserts new company when no name match (0.634583ms)
  ✔ name only: stores trimmed name on insert (0.749041ms)
  ✔ URL-only: when name equals normalizeHost result, still stores correctly (0.98075ms)
  ✔ idempotent: same name + URL returns the same row on second call (0.421ms)
✔ findOrCreateCompany (9.459958ms)
▶ buildQueries
  ✔ generates exactly 18 queries (0.937959ms)
  ✔ total is within MAX_QUERIES cap (20) (0.14775ms)
  ✔ generates 7 per-content-type queries (0.2475ms)
  ✔ news and press release type-queries carry topic: news and date bounds (0.171166ms)
  ✔ dateless type-queries carry topic: general and timeRange (no date bounds) (0.193875ms)
  ✔ generates exactly 6 time-sliced queries (0.19575ms)
  ✔ time-sliced queries tile the full 36-month window exactly (0.20075ms)
  ✔ all time-sliced queries carry topic: news (0.235542ms)
  ✔ generates exactly 5 angle queries (0.150959ms)
  ✔ all angle queries carry topic: general and timeRange (no date bounds) (0.191417ms)
  ✔ every query includes own domains in excludeDomains (0.120084ms)
  ✔ every query includes aggregator blocklist in excludeDomains (0.167791ms)
  ✔ every query excludes social handle domains (0.102167ms)
  ✔ every query uses searchDepth: advanced (0.116375ms)
  ✔ every query uses maxResults: 20 (0.156834ms)
  ✔ works with zero own domains and no handles (0.179291ms)
  ✔ does not include Medium in AGGREGATOR_BLOCKLIST (0.080792ms)
  ✔ slice boundaries are YYYY-MM-DD strings (0.2715ms)
✔ buildQueries (5.26275ms)
ℹ tests 214
ℹ suites 43
ℹ pass 214
ℹ fail 0
ℹ cancelled 0
ℹ skipped 0
ℹ todo 0
ℹ duration_ms 593.908833
